// Jest Snapshot v1, https://goo.gl/fbAQLP

exports[`Pruebas en GifCard.jsx Debe coincidir con snapshot 1`] = `
<div>
  <div
    class="card"
  >
    <img
      alt="Saitama"
      src="https://one-punch.com/saitama.jpg"
    />
  </div>
</div>
`;
